<html>
<body>
<pre>
<h1>µVision Build Log</h1>
<h2>Project:</h2>
C:\Users\Kyle\Desktop\College\EE319LABS\Lab2_EE319K\Lab2.uvproj
Project File Date:  02/03/2015

<h2>Output:</h2>
Rebuild target 'Lab2'
assembling Startup.s...
assembling main.s...
linking...
Program Size: Code=796 RO-data=0 RW-data=0 ZI-data=1024  
".\Lab2.axf" - 0 Error(s), 0 Warning(s).
Load "C:\\Users\\Kyle\\Desktop\\College\\EE319LABS\\Lab2_EE319K\\Lab2.axf" 
Connecting: Mode=JTAG, Speed=1000000Hz
Connection failed!, error code=&d
Error: Flash Download failed  -  Target DLL has been cancelled
Load "C:\\Users\\Kyle\\Desktop\\College\\EE319LABS\\Lab2_EE319K\\Lab2.axf" 
Connecting: Mode=JTAG, Speed=1000000Hz
Erase Done.
Programming Done.
Verify OK.
</pre>
</body>
</html>
